// Jest Snapshot v1, https://goo.gl/fbAQLP

exports[`Cookie Though should render properly 1`] = `
<body>
  <button
    id="manage-cookie-though"
  />
  <div
    className="cookie-though"
  >
    <App
      permissionLabels={
        Object {
          "accept": "Accept",
          "acceptAll": "Accept all",
          "decline": "Decline",
        }
      }
      policies={
        Array [
          Object {
            "category": "essential",
            "description": "Always on",
            "id": "essential",
            "label": "Strictly necessary cookies",
          },
          Object {
            "category": "functional",
            "description": "We’ll remember the basics such as language.",
            "id": "functional",
            "label": "Functional cookies",
          },
          Object {
            "category": "statistics",
            "description": "We’ll know where we should improve your experience.",
            "id": "analytics",
            "label": "Analytics",
          },
          Object {
            "category": "marketing",
            "description": "We’ll only show you content that interests you.",
            "id": "marketing",
            "label": "Marketing",
          },
        ]
      }
      setVisible={[Function]}
    />
  </div>
</body>
`;
