// Jest Snapshot v1, https://goo.gl/fbAQLP

exports[`Cookie Though should render properly 1`] = `
<body>
  <button
    id="manage-cookie-though"
  />
  <div
    className="cookie-though"
  >
    <App
      customizeLabel="customize"
      header={
        Object {
          "description": "Everybody wants to show his best side - and so do we. That's why we use cookies to guarantee you a better experience.",
        }
      }
      permissionLabels={
        Object {
          "accept": "Accept",
          "acceptAll": "Accept all",
          "decline": "Decline",
        }
      }
      policies={
        Array [
          Object {
            "category": "essential",
            "description": "These cookies are required to run the site.",
            "id": "essential",
            "label": "Strictly necessary cookies",
          },
          Object {
            "category": "functional",
            "description": "We’ll remember the basics such as language.",
            "id": "functional",
            "label": "Functional cookies",
          },
          Object {
            "category": "statistics",
            "description": "We’ll know where we should improve your experience.",
            "id": "statistics",
            "label": "Statistics",
          },
          Object {
            "category": "marketing",
            "description": "We’ll only show you content that interests you.",
            "id": "marketing",
            "label": "Marketing",
          },
        ]
      }
    />
  </div>
</body>
`;
